// Jest Snapshot v1, https://goo.gl/fbAQLP

exports[`HomeIndicator component renders correctly 1`] = `
<View
  style={
    {
      "backgroundColor": "#fff",
      "flex": 1,
    }
  }
>
  <View
    accessibilityState={
      {
        "busy": undefined,
        "checked": undefined,
        "disabled": undefined,
        "expanded": undefined,
        "selected": undefined,
      }
    }
    accessibilityValue={
      {
        "max": undefined,
        "min": undefined,
        "now": undefined,
        "text": undefined,
      }
    }
    accessible={true}
    collapsable={false}
    focusable={true}
    onClick={[Function]}
    onResponderGrant={[Function]}
    onResponderMove={[Function]}
    onResponderRelease={[Function]}
    onResponderTerminate={[Function]}
    onResponderTerminationRequest={[Function]}
    onStartShouldSetResponder={[Function]}
    style={
      {
        "opacity": 1,
      }
    }
  >
    <View
      style={
        {
          "alignItems": "center",
          "display": "flex",
          "justifyContent": "center",
          "marginTop": 20,
        }
      }
    >
      <Image
        source={
          {
            "testUri": "../../../assets/indicator.png",
          }
        }
        style={
          {
            "borderRadius": 20,
            "height": 10,
            "width": 180,
          }
        }
      />
    </View>
  </View>
</View>
`;
