// Jest Snapshot v1, https://goo.gl/fbAQLP

exports[`Itemsearch component renders correctly 1`] = `
<View
  style={
    {
      "alignItems": "center",
      "display": "flex",
      "justifyContent": "center",
    }
  }
>
  <View
    style={
      {
        "alignItems": "center",
        "backgroundColor": "#d9d9d9",
        "borderRadius": 30,
        "flexDirection": "row",
        "height": 56,
        "marginTop": 40,
        "paddingLeft": 40,
        "width": 327,
      }
    }
  >
    <View
      accessibilityState={
        {
          "busy": undefined,
          "checked": undefined,
          "disabled": undefined,
          "expanded": undefined,
          "selected": undefined,
        }
      }
      accessibilityValue={
        {
          "max": undefined,
          "min": undefined,
          "now": undefined,
          "text": undefined,
        }
      }
      accessible={true}
      collapsable={false}
      focusable={true}
      onClick={[Function]}
      onResponderGrant={[Function]}
      onResponderMove={[Function]}
      onResponderRelease={[Function]}
      onResponderTerminate={[Function]}
      onResponderTerminationRequest={[Function]}
      onStartShouldSetResponder={[Function]}
      style={
        {
          "alignItems": "center",
          "backgroundColor": "#d9d9d9",
          "borderRadius": 32,
          "height": 48,
          "marginVertical": 5,
          "opacity": 1,
          "padding": 10,
          "width": 68,
        }
      }
    >
      <View
        style={
          {
            "alignItems": "center",
            "display": "flex",
            "flexDirection": "row",
            "gap": 12,
          }
        }
      >
        <FontAwesome
          color="#888"
          name="search"
          size={20}
          style={
            {
              "height": 24,
              "width": 24,
            }
          }
        />
        <Text
          style={
            {
              "color": "rgba(159, 165, 192, 1)",
              "fontSize": 15,
              "fontWeight": "500",
              "height": 18,
              "letterSpacing": 0.7,
              "lineHeight": 18.15,
              "width": 71,
            }
          }
        >
          Search...
        </Text>
      </View>
    </View>
  </View>
</View>
`;
