// Jest Snapshot v1, https://goo.gl/fbAQLP

exports[`Searchdone component renders correctly 1`] = `
<View
  style={
    {
      "alignItems": "center",
      "borderTopColor": "#ccc",
      "borderTopWidth": 1,
      "flexDirection": "row",
      "justifyContent": "space-between",
      "paddingHorizontal": 16,
    }
  }
>
  <View
    accessibilityState={
      {
        "busy": undefined,
        "checked": undefined,
        "disabled": undefined,
        "expanded": undefined,
        "selected": undefined,
      }
    }
    accessibilityValue={
      {
        "max": undefined,
        "min": undefined,
        "now": undefined,
        "text": undefined,
      }
    }
    accessible={true}
    collapsable={false}
    focusable={true}
    onClick={[Function]}
    onResponderGrant={[Function]}
    onResponderMove={[Function]}
    onResponderRelease={[Function]}
    onResponderTerminate={[Function]}
    onResponderTerminationRequest={[Function]}
    onStartShouldSetResponder={[Function]}
    style={
      {
        "alignItems": "center",
        "backgroundColor": "transparent",
        "justifyContent": "center",
        "opacity": 1,
      }
    }
  >
    <FontAwesome
      color="blue"
      name="home"
      size={24}
    />
  </View>
</View>
`;
